[     173ms] [LOG] [Fast Refresh] rebuilding @ http://localhost:3000/_next/static/chunks/node_modules_next_dist_client_cf1d9188._.js:5949
[     834ms] [LOG] [Fast Refresh] done in 761ms @ http://localhost:3000/_next/static/chunks/node_modules_next_dist_client_cf1d9188._.js:5809
[     939ms] [LOG] [Fast Refresh] rebuilding @ http://localhost:3000/_next/static/chunks/node_modules_next_dist_client_cf1d9188._.js:5949
[    1097ms] [LOG] [Fast Refresh] done in 263ms @ http://localhost:3000/_next/static/chunks/node_modules_next_dist_client_cf1d9188._.js:5809
[    2083ms] [INFO] %cDownload the React DevTools for a better development experience: https://react.dev/link/react-devtools font-weight:bold @ http://localhost:3000/_next/static/chunks/node_modules_next_dist_compiled_react-dom_1e674e59._.js:14537
[    2095ms] [WARNING] %c%s%c background: #e6e6e6;background: light-dark(rgba(0,0,0,0.1), rgba(255,255,255,0.25));color: #000000;color: light-dark(#000000, #ffffff);border-radius: 2px  Server   Error: Route "/category/[categoryName]" used `params.categoryName`. `params` should be awaited before using its properties. Learn more: https://nextjs.org/docs/messages/sync-dynamic-apis
    at CategoryPage (about://React/Server/C:%5CUsers%5C%EC%A0%84%EC%A2%85%ED%98%84%5Cworkspace%5Cproject-%EA%B0%9C%EC%9D%B8%EB%B8%94%EB%A1%9C%EA%B7%B8%5C.next%5Cserver%5Cchunks%5Cssr%5C%5Broot-of-the-server%5D__19c2192c._.js?0:448:59)
    at resolveErrorDev (http://localhost:3000/_next/static/chunks/node_modules_next_dist_compiled_5150ccfd._.js:4265:48)
    at getOutlinedModel (http://localhost:3000/_next/static/chunks/node_modules_next_dist_compiled_5150ccfd._.js:3871:28)
    at parseModelString (http://localhost:3000/_next/static/chunks/node_modules_next_dist_compiled_5150ccfd._.js:3990:50)
    at Object.<anonymous> (http://localhost:3000/_next/static/chunks/node_modules_next_dist_compiled_5150ccfd._.js:4597:51)
    at JSON.parse (<anonymous>)
    at initializeModelChunk (http://localhost:3000/_next/static/chunks/node_modules_next_dist_compiled_5150ccfd._.js:3568:30)
    at getOutlinedModel (http://localhost:3000/_next/static/chunks/node_modules_next_dist_compiled_5150ccfd._.js:3825:17)
    at parseModelString (http://localhost:3000/_next/static/chunks/node_modules_next_dist_compiled_5150ccfd._.js:4044:50)
    at Array.<anonymous> (http://localhost:3000/_next/static/chunks/node_modules_next_dist_compiled_5150ccfd._.js:4597:51)
    at JSON.parse (<anonymous>)
    at initializeModelChunk (http://localhost:3000/_next/static/chunks/node_modules_next_dist_compiled_5150ccfd._.js:3568:30)
    at resolveConsoleEntry (http://localhost:3000/_next/static/chunks/node_modules_next_dist_compiled_5150ccfd._.js:4382:96)
    at processFullStringRow (http://localhost:3000/_next/static/chunks/node_modules_next_dist_compiled_5150ccfd._.js:4532:17)
    at processFullBinaryRow (http://localhost:3000/_next/static/chunks/node_modules_next_dist_compiled_5150ccfd._.js:4472:9)
    at processBinaryChunk (http://localhost:3000/_next/static/chunks/node_modules_next_dist_compiled_5150ccfd._.js:4581:98)
    at progress (http://localhost:3000/_next/static/chunks/node_modules_next_dist_compiled_5150ccfd._.js:4747:25) @ about://React/Server/C:%5CUsers%5C%EC%A0%84%EC%A2%85%ED%98%84%5Cworkspace%5Cproject-%EA%B0%9C%EC%9D%B8%EB%B8%94%EB%A1%9C%EA%B7%B8%5C.next%5Cserver%5Cchunks%5Cssr%5C%5Broot-of-the-server%5D__19c2192c._.js?0:447
